// Jest Snapshot v1, https://goo.gl/fbAQLP

exports[`SearchSuggestionsInput should render component 1`] = `
<div>
  <label
    className="search-input-label"
    htmlFor="search-input"
  >
    input label
  </label>
  <div
    className="search-input-wrapper"
  >
    <input
      className="search-input"
      name="search-input"
      onBlur={[Function]}
      onChange={[Function]}
      onFocus={[Function]}
      placeholder="placeholder"
      type="text"
    />
  </div>
</div>
`;
